MPLINK 4.42, Linker
Linker Map File - Created Mon Nov 28 15:28:15 2022

                                 Section Info
                  Section       Type    Address   Location Size(Bytes)
                ---------  ---------  ---------  ---------  ---------
                   .org_0       code   0x000000    program   0x000000
                   .org_1       code   0x000000    program   0x0000a4



                              Program Memory Usage 
                               Start         End      
                           ---------   ---------      
                            0x000000    0x000051      
            82 out of 8455 program addresses used, program memory utilization is 0%



                              Symbols - Sorted by Name
                     Name    Address   Location    Storage File                     
                ---------  ---------  ---------  --------- ---------                
                     AQUI   0x000008    program     static C:\Users\Usuario\OneDrive\Escritorio\Circuitos Proteus\Parcticas PIC16F887\Practica 7\P7.asm
                     CERO   0x000013    program     static C:\Users\Usuario\OneDrive\Escritorio\Circuitos Proteus\Parcticas PIC16F887\Practica 7\P7.asm
                    CINCO   0x00002c    program     static C:\Users\Usuario\OneDrive\Escritorio\Circuitos Proteus\Parcticas PIC16F887\Practica 7\P7.asm
                   CUATRO   0x000027    program     static C:\Users\Usuario\OneDrive\Escritorio\Circuitos Proteus\Parcticas PIC16F887\Practica 7\P7.asm
                    DELAY   0x000045    program     static C:\Users\Usuario\OneDrive\Escritorio\Circuitos Proteus\Parcticas PIC16F887\Practica 7\P7.asm
                      DOS   0x00001d    program     static C:\Users\Usuario\OneDrive\Escritorio\Circuitos Proteus\Parcticas PIC16F887\Practica 7\P7.asm
                      FIN   0x000052    program     static C:\Users\Usuario\OneDrive\Escritorio\Circuitos Proteus\Parcticas PIC16F887\Practica 7\P7.asm
                   INICIO   0x000001    program     static C:\Users\Usuario\OneDrive\Escritorio\Circuitos Proteus\Parcticas PIC16F887\Practica 7\P7.asm
                     LOOP   0x00004b    program     static C:\Users\Usuario\OneDrive\Escritorio\Circuitos Proteus\Parcticas PIC16F887\Practica 7\P7.asm
                    NUEVE   0x000040    program     static C:\Users\Usuario\OneDrive\Escritorio\Circuitos Proteus\Parcticas PIC16F887\Practica 7\P7.asm
                     OCHO   0x00003b    program     static C:\Users\Usuario\OneDrive\Escritorio\Circuitos Proteus\Parcticas PIC16F887\Practica 7\P7.asm
                      REV   0x00000d    program     static C:\Users\Usuario\OneDrive\Escritorio\Circuitos Proteus\Parcticas PIC16F887\Practica 7\P7.asm
                     SEIS   0x000031    program     static C:\Users\Usuario\OneDrive\Escritorio\Circuitos Proteus\Parcticas PIC16F887\Practica 7\P7.asm
                    SIETE   0x000036    program     static C:\Users\Usuario\OneDrive\Escritorio\Circuitos Proteus\Parcticas PIC16F887\Practica 7\P7.asm
                     TRES   0x000022    program     static C:\Users\Usuario\OneDrive\Escritorio\Circuitos Proteus\Parcticas PIC16F887\Practica 7\P7.asm
                      UNO   0x000018    program     static C:\Users\Usuario\OneDrive\Escritorio\Circuitos Proteus\Parcticas PIC16F887\Practica 7\P7.asm



                              Symbols - Sorted by Address
                     Name    Address   Location    Storage File                     
                ---------  ---------  ---------  --------- ---------                
                   INICIO   0x000001    program     static C:\Users\Usuario\OneDrive\Escritorio\Circuitos Proteus\Parcticas PIC16F887\Practica 7\P7.asm
                     AQUI   0x000008    program     static C:\Users\Usuario\OneDrive\Escritorio\Circuitos Proteus\Parcticas PIC16F887\Practica 7\P7.asm
                      REV   0x00000d    program     static C:\Users\Usuario\OneDrive\Escritorio\Circuitos Proteus\Parcticas PIC16F887\Practica 7\P7.asm
                     CERO   0x000013    program     static C:\Users\Usuario\OneDrive\Escritorio\Circuitos Proteus\Parcticas PIC16F887\Practica 7\P7.asm
                      UNO   0x000018    program     static C:\Users\Usuario\OneDrive\Escritorio\Circuitos Proteus\Parcticas PIC16F887\Practica 7\P7.asm
                      DOS   0x00001d    program     static C:\Users\Usuario\OneDrive\Escritorio\Circuitos Proteus\Parcticas PIC16F887\Practica 7\P7.asm
                     TRES   0x000022    program     static C:\Users\Usuario\OneDrive\Escritorio\Circuitos Proteus\Parcticas PIC16F887\Practica 7\P7.asm
                   CUATRO   0x000027    program     static C:\Users\Usuario\OneDrive\Escritorio\Circuitos Proteus\Parcticas PIC16F887\Practica 7\P7.asm
                    CINCO   0x00002c    program     static C:\Users\Usuario\OneDrive\Escritorio\Circuitos Proteus\Parcticas PIC16F887\Practica 7\P7.asm
                     SEIS   0x000031    program     static C:\Users\Usuario\OneDrive\Escritorio\Circuitos Proteus\Parcticas PIC16F887\Practica 7\P7.asm
                    SIETE   0x000036    program     static C:\Users\Usuario\OneDrive\Escritorio\Circuitos Proteus\Parcticas PIC16F887\Practica 7\P7.asm
                     OCHO   0x00003b    program     static C:\Users\Usuario\OneDrive\Escritorio\Circuitos Proteus\Parcticas PIC16F887\Practica 7\P7.asm
                    NUEVE   0x000040    program     static C:\Users\Usuario\OneDrive\Escritorio\Circuitos Proteus\Parcticas PIC16F887\Practica 7\P7.asm
                    DELAY   0x000045    program     static C:\Users\Usuario\OneDrive\Escritorio\Circuitos Proteus\Parcticas PIC16F887\Practica 7\P7.asm
                     LOOP   0x00004b    program     static C:\Users\Usuario\OneDrive\Escritorio\Circuitos Proteus\Parcticas PIC16F887\Practica 7\P7.asm
                      FIN   0x000052    program     static C:\Users\Usuario\OneDrive\Escritorio\Circuitos Proteus\Parcticas PIC16F887\Practica 7\P7.asm


