MPLINK 4.42, Linker
Linker Map File - Created Mon Oct 31 13:21:52 2022

                                 Section Info
                  Section       Type    Address   Location Size(Bytes)
                ---------  ---------  ---------  ---------  ---------
                   .org_0       code   0x000000    program   0x000000
                   .org_1       code   0x000000    program   0x000042



                              Program Memory Usage 
                               Start         End      
                           ---------   ---------      
                            0x000000    0x000020      
            33 out of 8455 program addresses used, program memory utilization is 0%



                              Symbols - Sorted by Name
                     Name    Address   Location    Storage File                     
                ---------  ---------  ---------  --------- ---------                
                     AQUI   0x00001a    program     static C:\Users\Usuario\OneDrive\Escritorio\Circuitos Proteus\Parcticas PIC16F887\Practica 6\P6.asm
                 ENCENDER   0x00000d    program     static C:\Users\Usuario\OneDrive\Escritorio\Circuitos Proteus\Parcticas PIC16F887\Practica 6\P6.asm
                   INICIO   0x000001    program     static C:\Users\Usuario\OneDrive\Escritorio\Circuitos Proteus\Parcticas PIC16F887\Practica 6\P6.asm
                  REPETIR   0x000008    program     static C:\Users\Usuario\OneDrive\Escritorio\Circuitos Proteus\Parcticas PIC16F887\Practica 6\P6.asm
                     TIME   0x000014    program     static C:\Users\Usuario\OneDrive\Escritorio\Circuitos Proteus\Parcticas PIC16F887\Practica 6\P6.asm



                              Symbols - Sorted by Address
                     Name    Address   Location    Storage File                     
                ---------  ---------  ---------  --------- ---------                
                   INICIO   0x000001    program     static C:\Users\Usuario\OneDrive\Escritorio\Circuitos Proteus\Parcticas PIC16F887\Practica 6\P6.asm
                  REPETIR   0x000008    program     static C:\Users\Usuario\OneDrive\Escritorio\Circuitos Proteus\Parcticas PIC16F887\Practica 6\P6.asm
                 ENCENDER   0x00000d    program     static C:\Users\Usuario\OneDrive\Escritorio\Circuitos Proteus\Parcticas PIC16F887\Practica 6\P6.asm
                     TIME   0x000014    program     static C:\Users\Usuario\OneDrive\Escritorio\Circuitos Proteus\Parcticas PIC16F887\Practica 6\P6.asm
                     AQUI   0x00001a    program     static C:\Users\Usuario\OneDrive\Escritorio\Circuitos Proteus\Parcticas PIC16F887\Practica 6\P6.asm


