MPLINK 4.42, Linker
Linker Map File - Created Sat Dec 03 14:59:00 2022

                                 Section Info
                  Section       Type    Address   Location Size(Bytes)
                ---------  ---------  ---------  ---------  ---------
                   .org_0       code   0x000000    program   0x000000
                   .org_1       code   0x000000    program   0x00006a
      .config_2007_P8-1.O       code   0x002007    program   0x000002
      .config_2008_P8-1.O       code   0x002008    program   0x000002



                              Program Memory Usage 
                               Start         End      
                           ---------   ---------      
                            0x000000    0x000034      
                            0x002007    0x002008      
            55 out of 8455 program addresses used, program memory utilization is 0%



                              Symbols - Sorted by Name
                     Name    Address   Location    Storage File                     
                ---------  ---------  ---------  --------- ---------                
                     AQUI   0x00002e    program     static C:\Users\Usuario\OneDrive\Escritorio\Circuitos Proteus\Parcticas PIC16F887\Practica 8\P8-1.asm
                    DELAY   0x000028    program     static C:\Users\Usuario\OneDrive\Escritorio\Circuitos Proteus\Parcticas PIC16F887\Practica 8\P8-1.asm
                   INICIO   0x000001    program     static C:\Users\Usuario\OneDrive\Escritorio\Circuitos Proteus\Parcticas PIC16F887\Practica 8\P8-1.asm
                 REINICIO   0x000008    program     static C:\Users\Usuario\OneDrive\Escritorio\Circuitos Proteus\Parcticas PIC16F887\Practica 8\P8-1.asm
                      REV   0x000017    program     static C:\Users\Usuario\OneDrive\Escritorio\Circuitos Proteus\Parcticas PIC16F887\Practica 8\P8-1.asm
                    ROTAR   0x000019    program     static C:\Users\Usuario\OneDrive\Escritorio\Circuitos Proteus\Parcticas PIC16F887\Practica 8\P8-1.asm
                    START   0x000009    program     static C:\Users\Usuario\OneDrive\Escritorio\Circuitos Proteus\Parcticas PIC16F887\Practica 8\P8-1.asm



                              Symbols - Sorted by Address
                     Name    Address   Location    Storage File                     
                ---------  ---------  ---------  --------- ---------                
                   INICIO   0x000001    program     static C:\Users\Usuario\OneDrive\Escritorio\Circuitos Proteus\Parcticas PIC16F887\Practica 8\P8-1.asm
                 REINICIO   0x000008    program     static C:\Users\Usuario\OneDrive\Escritorio\Circuitos Proteus\Parcticas PIC16F887\Practica 8\P8-1.asm
                    START   0x000009    program     static C:\Users\Usuario\OneDrive\Escritorio\Circuitos Proteus\Parcticas PIC16F887\Practica 8\P8-1.asm
                      REV   0x000017    program     static C:\Users\Usuario\OneDrive\Escritorio\Circuitos Proteus\Parcticas PIC16F887\Practica 8\P8-1.asm
                    ROTAR   0x000019    program     static C:\Users\Usuario\OneDrive\Escritorio\Circuitos Proteus\Parcticas PIC16F887\Practica 8\P8-1.asm
                    DELAY   0x000028    program     static C:\Users\Usuario\OneDrive\Escritorio\Circuitos Proteus\Parcticas PIC16F887\Practica 8\P8-1.asm
                     AQUI   0x00002e    program     static C:\Users\Usuario\OneDrive\Escritorio\Circuitos Proteus\Parcticas PIC16F887\Practica 8\P8-1.asm


